[INFO] Scanning for projects...
[INFO] 
[INFO] ----------------------< com.rtcodeeditor:backend >----------------------
[INFO] Building RTCodeEditor Backend 0.0.1-SNAPSHOT
[INFO]   from pom.xml
[INFO] --------------------------------[ jar ]---------------------------------
[INFO] 
[INFO] >>> spring-boot:3.3.5:run (default-cli) > test-compile @ backend >>>
[INFO] 
[INFO] --- resources:3.3.1:resources (default-resources) @ backend ---
[INFO] Copying 1 resource from src\main\resources to target\classes
[INFO] Copying 1 resource from src\main\resources to target\classes
[INFO] 
[INFO] --- compiler:3.13.0:compile (default-compile) @ backend ---
[INFO] Nothing to compile - all classes are up to date.
[INFO] 
[INFO] --- resources:3.3.1:testResources (default-testResources) @ backend ---
[INFO] skip non existing resourceDirectory C:\Users\ASUS\OneDrive\Desktop\Spring boot projects\RTCodeEditor\RTCodeEditor\backend\src\test\resources
[INFO] 
[INFO] --- compiler:3.13.0:testCompile (default-testCompile) @ backend ---
[INFO] Nothing to compile - all classes are up to date.
[INFO] 
[INFO] <<< spring-boot:3.3.5:run (default-cli) < test-compile @ backend <<<
[INFO] 
[INFO] 
[INFO] --- spring-boot:3.3.5:run (default-cli) @ backend ---
[INFO] Attaching agents: []

  .   ____          _            __ _ _
 /\\ / ___'_ __ _ _(_)_ __  __ _ \ \ \ \
( ( )\___ | '_ | '_| | '_ \/ _` | \ \ \ \
 \\/  ___)| |_)| | | | | || (_| |  ) ) ) )
  '  |____| .__|_| |_|_| |_\__, | / / / /
 =========|_|==============|___/=/_/_/_/

 :: Spring Boot ::                (v3.3.5)

2026-10-10T21:15:06.679+05:30  INFO 19724 --- [           main] c.r.b.RtCodeEditorBackendApplication     : Starting RtCodeEditorBackendApplication using Java 25.0.1 with PID 19724 (C:\Users\ASUS\OneDrive\Desktop\Spring boot projects\RTCodeEditor\RTCodeEditor\backend\target\classes started by ASUS in C:\Users\ASUS\OneDrive\Desktop\Spring boot projects\RTCodeEditor\RTCodeEditor\backend)
2026-10-10T21:15:06.681+05:30  INFO 19724 --- [           main] c.r.b.RtCodeEditorBackendApplication     : No active profile set, falling back to 1 default profile: "default"
2026-10-10T21:15:07.454+05:30  INFO 19724 --- [           main] .s.d.r.c.RepositoryConfigurationDelegate : Bootstrapping Spring Data JPA repositories in DEFAULT mode.
2026-10-10T21:15:07.522+05:30  INFO 19724 --- [           main] .s.d.r.c.RepositoryConfigurationDelegate : Finished Spring Data repository scanning in 60 ms. Found 1 JPA repository interface.
WARNING: A restricted method in java.lang.System has been called
WARNING: java.lang.System::load has been called by org.apache.tomcat.jni.Library in an unnamed module (file:/C:/Users/ASUS/.m2/repository/org/apache/tomcat/embed/tomcat-embed-core/10.1.31/tomcat-embed-core-10.1.31.jar)
WARNING: Use --enable-native-access=ALL-UNNAMED to avoid a warning for callers in this module
WARNING: Restricted methods will be blocked in a future release unless native access is enabled

2026-10-10T21:15:08.133+05:30  INFO 19724 --- [           main] o.s.b.w.embedded.tomcat.TomcatWebServer  : Tomcat initialized with port 8096 (http)
2026-10-10T21:15:08.151+05:30  INFO 19724 --- [           main] o.apache.catalina.core.StandardService   : Starting service [Tomcat]
2026-10-10T21:15:08.151+05:30  INFO 19724 --- [           main] o.apache.catalina.core.StandardEngine    : Starting Servlet engine: [Apache Tomcat/10.1.31]
2026-10-10T21:15:08.237+05:30  INFO 19724 --- [           main] o.a.c.c.C.[Tomcat].[localhost].[/]       : Initializing Spring embedded WebApplicationContext
2026-10-10T21:15:08.239+05:30  INFO 19724 --- [           main] w.s.c.ServletWebServerApplicationContext : Root WebApplicationContext: initialization completed in 1493 ms
2026-10-10T21:15:08.422+05:30  INFO 19724 --- [           main] o.hibernate.jpa.internal.util.LogHelper  : HHH000204: Processing PersistenceUnitInfo [name: default]
2026-10-10T21:15:08.482+05:30  INFO 19724 --- [           main] org.hibernate.Version                    : HHH000412: Hibernate ORM core version 6.5.3.Final
2026-10-10T21:15:08.524+05:30  INFO 19724 --- [           main] o.h.c.internal.RegionFactoryInitiator    : HHH000026: Second-level cache disabled
2026-10-10T21:15:09.184+05:30  INFO 19724 --- [           main] o.s.o.j.p.SpringPersistenceUnitInfo      : No LoadTimeWeaver setup: ignoring JPA class transformer
2026-10-10T21:15:09.257+05:30  INFO 19724 --- [           main] com.zaxxer.hikari.HikariDataSource       : HikariPool-1 - Starting...
2026-10-10T21:15:09.712+05:30  INFO 19724 --- [           main] com.zaxxer.hikari.pool.HikariPool        : HikariPool-1 - Added connection conn0: url=jdbc:h2:mem:testdb user=SA
2026-10-10T21:15:09.716+05:30  INFO 19724 --- [           main] com.zaxxer.hikari.HikariDataSource       : HikariPool-1 - Start completed.
2026-10-10T21:15:11.577+05:30  INFO 19724 --- [           main] o.h.e.t.j.p.i.JtaPlatformInitiator       : HHH000489: No JTA platform available (set 'hibernate.transaction.jta.platform' to enable JTA platform integration)
2026-10-10T21:15:11.647+05:30  INFO 19724 --- [           main] j.LocalContainerEntityManagerFactoryBean : Initialized JPA EntityManagerFactory for persistence unit 'default'
2026-10-10T21:15:12.110+05:30  INFO 19724 --- [           main] o.s.d.j.r.query.QueryEnhancerFactory     : Hibernate is in classpath; If applicable, HQL parser will be used.
2026-10-10T21:15:13.431+05:30  INFO 19724 --- [           main] o.s.b.w.embedded.tomcat.TomcatWebServer  : Tomcat started on port 8096 (http) with context path '/'
2026-10-10T21:15:13.434+05:30  INFO 19724 --- [           main] o.s.m.s.b.SimpleBrokerMessageHandler     : Starting...
2026-10-10T21:15:13.435+05:30  INFO 19724 --- [           main] o.s.m.s.b.SimpleBrokerMessageHandler     : BrokerAvailabilityEvent[available=true, SimpleBrokerMessageHandler [org.springframework.messaging.simp.broker.DefaultSubscriptionRegistry@36570936]]
2026-10-10T21:15:13.436+05:30  INFO 19724 --- [           main] o.s.m.s.b.SimpleBrokerMessageHandler     : Started.
2026-10-10T21:15:13.450+05:30  INFO 19724 --- [           main] c.r.b.RtCodeEditorBackendApplication     : Started RtCodeEditorBackendApplication in 7.256 seconds (process running for 7.756)
